[  0] PASS  steps=10   292.2s  tools=7
[  1] PASS  steps=10   140.3s  tools=7
[  2] fail  steps=16    97.1s  tools=13
[  3] PASS  steps=14   108.3s  tools=11
[  4] fail  steps=14   139.9s  tools=11
[  5] fail  steps=14    92.8s  tools=12
[  6] PASS  steps=10   108.4s  tools=7
[  7] PASS  steps=10   231.4s  tools=7
[  8] fail  steps=11   187.7s  tools=8
[  9] PASS  steps=10   176.6s  tools=7
[ 10] PASS  steps= 7    38.5s  tools=7
[ 11] PASS  steps=18   112.5s  tools=15
[ 12] fail  steps= 9    87.5s  tools=7
[ 13] PASS  steps= 9    78.6s  tools=6
[ 14] PASS  steps=10    71.1s  tools=7
[ 15] fail  steps= 9    96.7s  tools=6
[ 16] fail  steps=15    78.6s  tools=12
[ 17] PASS  steps= 6    33.5s  tools=3
[ 18] fail  steps= 8    37.2s  tools=5
[ 19] fail  steps=14    70.5s  tools=13
[ 20] fail  steps=30   290.0s  tools=30 (unterminated)
[ 21] PASS  steps=13   116.1s  tools=10
[ 22] fail  steps=17   140.3s  tools=15
[ 23] PASS  steps=16   150.5s  tools=13
[ 24] fail  steps= 7    47.7s  tools=4
[ 25] fail  steps=12    97.9s  tools=9
[ 26] PASS  steps=11    67.8s  tools=8
[ 27] PASS  steps= 9    55.8s  tools=9
[ 28] fail  steps=15    88.6s  tools=12
[ 29] fail  steps=17   248.5s  tools=15
[ 30] fail  steps=15   133.5s  tools=12
[ 31] fail  steps=11    73.6s  tools=8
[ 32] fail  steps=13    95.3s  tools=10
[ 33] fail  steps=13    87.2s  tools=10
[ 34] fail  steps=12    99.1s  tools=9
[ 35] PASS  steps=13   185.4s  tools=10
[ 36] fail  steps=18   136.7s  tools=15
[ 37] fail  steps=12   118.1s  tools=9
[ 38] fail  steps=30   155.3s  tools=29 (unterminated)
[ 39] fail  steps=12    98.3s  tools=9
[ 40] fail  steps= 6    30.5s  tools=3
[ 41] fail  steps=10    77.1s  tools=7
[ 42] PASS  steps=12   100.7s  tools=9
[ 43] PASS  steps= 9    73.0s  tools=6
[ 44] PASS  steps= 9    52.7s  tools=8
[ 45] fail  steps= 7    54.4s  tools=4
[ 46] PASS  steps= 8    91.3s  tools=5
[ 47] PASS  steps= 8    80.0s  tools=5
[ 48] PASS  steps= 9    53.5s  tools=6
[ 49] fail  steps=13    72.2s  tools=11
[ 50] PASS  steps= 6    31.6s  tools=3
[ 51] PASS  steps=11    86.3s  tools=8
[ 52] PASS  steps=10    62.2s  tools=9
[ 53] PASS  steps=11    60.6s  tools=8
[ 54] fail  steps=30   284.4s  tools=29 (unterminated)
[ 55] fail  steps=13   133.6s  tools=10
[ 56] PASS  steps=12    70.4s  tools=9
[ 57] fail  steps= 8    51.1s  tools=5
[ 58] fail  steps=14   116.5s  tools=12
[ 59] fail  steps=11   132.7s  tools=8
[ 60] PASS  steps=10    75.9s  tools=7
[ 61] PASS  steps= 7   113.1s  tools=4
[ 62] PASS  steps= 7    46.3s  tools=4
[ 63] fail  steps= 7    45.7s  tools=4
[ 64] PASS  steps=11   135.0s  tools=8
[ 65] PASS  steps=13    98.3s  tools=11
[ 66] fail  steps=13    85.6s  tools=12
[ 67] PASS  steps=13    62.1s  tools=10
[ 68] PASS  steps=11    45.8s  tools=8
[ 69] PASS  steps=11    61.3s  tools=8
[ 70] fail  steps=16    86.5s  tools=15
[ 71] fail  steps=10    91.8s  tools=7
[ 72] fail  steps=10   111.4s  tools=7
[ 73] PASS  steps= 7    77.6s  tools=4
[ 74] fail  steps=13   100.9s  tools=10
[ 75] PASS  steps= 9    56.6s  tools=6
[ 76] PASS  steps=19   203.4s  tools=16
[ 77] PASS  steps= 9    77.4s  tools=6
[ 78] PASS  steps=18   108.0s  tools=15
[ 79] fail  steps=16    93.6s  tools=13
[ 80] PASS  steps= 9    56.0s  tools=6
[ 81] PASS  steps=11    82.6s  tools=8
[ 82] fail  steps=15    95.9s  tools=12
[ 83] PASS  steps=11    70.9s  tools=8
[ 84] PASS  steps=10    53.5s  tools=7
[ 85] PASS  steps=15   115.8s  tools=12
[ 86] PASS  steps=14    75.1s  tools=11
[ 87] PASS  steps=14    96.8s  tools=11
[ 88] fail  steps= 9    50.5s  tools=6
[ 89] PASS  steps=11    57.9s  tools=8
[ 90] fail  steps=12    89.9s  tools=9
[ 91] fail  steps=17   118.5s  tools=15
[ 92] PASS  steps=10   106.7s  tools=7
[ 93] PASS  steps=10    76.4s  tools=7
[ 94] PASS  steps=10    74.4s  tools=7
[ 95] PASS  steps=10    65.2s  tools=7
[ 96] PASS  steps=13   127.5s  tools=10
[ 97] fail  steps=14   101.3s  tools=11
[ 98] fail  steps=12   162.1s  tools=10
[ 99] fail  steps=24   313.7s  tools=21
[100] fail  steps=19   292.4s  tools=16
[101] fail  steps=21   300.0s  tools=18
[102] PASS  steps=15    87.3s  tools=12
[103] PASS  steps=13    77.1s  tools=10
[104] PASS  steps=15    94.8s  tools=12
[105] fail  steps=15   128.3s  tools=12
[106] PASS  steps= 9   153.4s  tools=6
[107] fail  steps=11    65.2s  tools=8
[108] fail  steps=16   137.7s  tools=13
[109] PASS  steps=10    52.1s  tools=7
[110] fail  steps=11   128.3s  tools=8
[111] fail  steps=12   143.8s  tools=9
[112] PASS  steps=21   261.6s  tools=18
[113] PASS  steps=17   184.7s  tools=14
[114] PASS  steps=11    49.6s  tools=8

pass 61/115 (53.0%)   correct-state incl. unterminated 61/115   unterminated 3   parse failures 0
total 12407s   ->  /home/hm/Projects/Tests/2026-09-22/devstral-tau-scripted/retail_devstral.json
