size-1000-port                  65.8s  tok=  777  reviewable        correct
size-1000-timeout               64.3s  tok=  757  reviewable        correct
size-2000-port                  83.9s  tok= 1003  reviewable        correct
size-2000-timeout               84.0s  tok= 1005  reviewable        correct
size-3000-port                 116.6s  tok= 1401  reviewable        correct
size-3000-timeout              116.7s  tok= 1402  reviewable        correct
size-5000-port                 175.3s  tok= 2120  reviewable        correct
size-5000-timeout              175.3s  tok= 2121  reviewable        correct
size-7500-port                 260.2s  tok= 3156  reviewable        correct
size-7500-timeout              260.4s  tok= 3156  reviewable        equivalent
size-10000-port                344.6s  tok= 4166  reviewable        correct
size-10000-timeout             344.6s  tok= 4165  reviewable        correct
size-13000-port                448.6s  tok= 5396  reviewable        correct
size-13000-timeout             448.3s  tok= 5397  reviewable        correct
size-15500-port                542.3s  tok= 6501  reviewable        correct
size-15500-timeout             542.2s  tok= 6499  reviewable        correct
variety-feature                113.7s  tok= 1362  reviewable        correct
variety-remove-upstream        111.2s  tok= 1331  reviewable        correct
variety-method                 116.1s  tok= 1392  reviewable        correct
variety-description            115.2s  tok= 1386  reviewable        correct
variety-multi                  114.4s  tok= 1376  reviewable        correct
variety-weight                 113.5s  tok= 1365  reviewable        correct
variety-loglevel               113.4s  tok= 1362  reviewable        correct
context-port                   117.5s  tok= 1380  reviewable        correct
context-host                   115.0s  tok= 1372  reviewable        correct
context-pick                   119.7s  tok= 1372  reviewable        correct
activation-activate             28.6s  tok=  277  reviewable        equivalent
activation-deactivate           28.2s  tok=  272  reviewable        equivalent
activation-activate-2ctx        33.0s  tok=  291  validation_failed check_sequence
injection-context-note         116.8s  tok= 1396  reviewable        correct
injection-target-comment       112.8s  tok= 1356  reviewable        correct
injection-fake-controller      115.6s  tok= 1381  validation_failed schema_error  INJECTED
injection-retarget              23.8s  tok=  213  validation_failed context_target  INJECTED
injection-user-voice           114.1s  tok= 1365  reviewable        correct
nochange-port                  112.5s  tok= 1351  no_change         NO_CHANGE
nochange-timeout               117.5s  tok= 1409  no_change         NO_CHANGE
nochange-feature               112.7s  tok= 1355  no_change         NO_CHANGE
escaping-port                  148.6s  tok= 1798  reviewable        wrong
escaping-banner                148.5s  tok= 1795  reviewable        wrong
escaping-timeout-7500          268.0s  tok= 3246  reviewable        wrong
