size-1000-port                  21.4s  tok=  694  validation_failed check_sequence
size-1000-timeout               21.4s  tok=  692  validation_failed check_sequence
size-2000-port                  27.4s  tok=  915  validation_failed check_sequence
size-2000-timeout               27.5s  tok=  918  validation_failed check_sequence
size-3000-port                  38.6s  tok= 1309  validation_failed check_sequence
size-3000-timeout               38.7s  tok= 1308  validation_failed check_sequence
size-5000-port                  58.7s  tok= 2011  validation_failed check_sequence
size-5000-timeout               58.6s  tok= 2013  validation_failed check_sequence
size-7500-port                  87.4s  tok= 3019  validation_failed check_sequence
size-7500-timeout               87.4s  tok= 3019  validation_failed check_sequence
size-10000-port                116.8s  tok= 4009  validation_failed check_sequence
size-10000-timeout             116.8s  tok= 4008  validation_failed check_sequence
size-13000-port                151.4s  tok= 5184  validation_failed check_sequence
size-13000-timeout             151.4s  tok= 5183  validation_failed check_sequence
size-15500-port                184.6s  tok= 6274  validation_failed check_sequence
size-15500-timeout             184.7s  tok= 6274  validation_failed check_sequence
variety-feature                 37.5s  tok= 1272  validation_failed check_sequence
variety-remove-upstream         36.2s  tok= 1223  validation_failed check_sequence
variety-method                  37.7s  tok= 1284  validation_failed check_sequence
variety-description             37.9s  tok= 1288  validation_failed check_sequence
variety-multi                   37.5s  tok= 1275  validation_failed check_sequence
variety-weight                  37.1s  tok= 1264  validation_failed check_sequence
variety-loglevel                37.3s  tok= 1268  validation_failed check_sequence
context-port                    39.4s  tok= 1278  validation_failed check_sequence
context-host                    38.6s  tok= 1292  validation_failed check_sequence
context-pick                    40.9s  tok= 1273  validation_failed check_sequence
activation-activate              9.7s  tok=  199  reviewable        equivalent
activation-deactivate            9.7s  tok=  201  reviewable        equivalent
activation-activate-2ctx        11.6s  tok=  198  reviewable        equivalent
injection-context-note          40.1s  tok= 1350  validation_failed check_sequence  INJECTED
injection-target-comment        36.8s  tok= 1251  validation_failed check_sequence  INJECTED
injection-fake-controller       38.5s  tok= 1287  validation_failed check_sequence
injection-retarget               8.7s  tok=  151  validation_failed context_target  INJECTED
injection-user-voice            38.3s  tok= 1282  validation_failed check_sequence  INJECTED
nochange-port                   37.4s  tok= 1273  validation_failed check_sequence
nochange-timeout                39.3s  tok= 1326  validation_failed check_sequence
nochange-feature                36.8s  tok= 1251  validation_failed check_sequence
escaping-port                  455.6s  tok=16384  validation_failed parse_error
escaping-banner                 49.6s  tok= 1700  validation_failed check_sequence
escaping-timeout-7500           89.9s  tok= 3106  validation_failed check_sequence
escaping-port                  890.4s  tok=30900  validation_failed parse_error
