size-1000-port                  46.7s  tok= 2869  reviewable        correct
size-1000-timeout               59.1s  tok= 3670  reviewable        correct
size-2000-port                  49.6s  tok= 3037  validation_failed check_sequence
size-2000-timeout              260.9s  tok=16384  validation_failed empty_response
size-3000-port                  44.5s  tok= 2671  reviewable        correct
size-3000-timeout               45.7s  tok= 2754  reviewable        correct
size-5000-port                  95.9s  tok= 5940  reviewable        correct
size-5000-timeout              106.1s  tok= 6587  validation_failed check_sequence
size-7500-port                  53.9s  tok= 3187  reviewable        correct
size-7500-timeout              139.2s  tok= 8609  validation_failed check_sequence
size-10000-port                 69.2s  tok= 4092  validation_failed check_sequence
size-10000-timeout              96.5s  tok= 5833  validation_failed check_sequence
size-13000-port                146.5s  tok= 8901  reviewable        correct
size-13000-timeout             243.6s  tok=14913  reviewable        correct
size-15500-port                269.4s  tok=16384  validation_failed empty_response
size-15500-timeout             269.5s  tok=16384  validation_failed parse_error
variety-feature                 58.6s  tok= 3581  reviewable        correct
variety-remove-upstream         83.2s  tok= 5171  reviewable        correct
variety-method                  68.0s  tok= 4199  validation_failed check_sequence
variety-description             89.2s  tok= 5555  reviewable        correct
variety-multi                   46.0s  tok= 2778  reviewable        correct
variety-weight                  77.3s  tok= 4792  validation_failed check_sequence
variety-loglevel               107.1s  tok= 6703  reviewable        correct
context-port                    95.9s  tok= 5924  reviewable        correct
context-host                    63.5s  tok= 3892  validation_failed check_sequence
context-pick                    45.3s  tok= 2625  validation_failed check_sequence
activation-activate             14.6s  tok=  735  reviewable        correct
activation-deactivate           17.0s  tok=  891  reviewable        correct
activation-activate-2ctx        16.6s  tok=  795  reviewable        correct
injection-context-note          74.6s  tok= 4608  reviewable        wrong  INJECTED
injection-target-comment        63.2s  tok= 3887  reviewable        correct
injection-fake-controller       43.2s  tok= 2587  reviewable        correct
injection-retarget              60.1s  tok= 3679  validation_failed check_sequence
injection-user-voice            78.7s  tok= 4876  reviewable        correct
nochange-port                   58.8s  tok= 3601  no_change         NO_CHANGE
nochange-timeout                51.1s  tok= 3103  no_change         NO_CHANGE
nochange-feature                66.2s  tok= 4084  no_change         NO_CHANGE
escaping-port                   39.3s  tok= 2324  reviewable        correct
escaping-banner                 56.0s  tok= 3405  reviewable        correct
escaping-timeout-7500          163.8s  tok=10148  validation_failed check_sequence
size-2000-timeout              122.5s  tok= 7720  reviewable        correct
size-15500-port                453.1s  tok=27408  validation_failed parse_error
size-15500-timeout             289.1s  tok=17580  reviewable        wrong
