size-1000-port                  17.0s  tok=  722  reviewable        correct
size-1000-timeout               17.1s  tok=  724  reviewable        correct
size-2000-port                  21.2s  tok=  928  reviewable        correct
size-2000-timeout               21.3s  tok=  931  reviewable        correct
size-3000-port                  29.1s  tok= 1313  reviewable        correct
size-3000-timeout               29.1s  tok= 1310  reviewable        correct
size-5000-port                  42.4s  tok= 1965  reviewable        correct
size-5000-timeout               42.5s  tok= 1968  reviewable        equivalent
size-7500-port                  62.5s  tok= 2927  reviewable        correct
size-7500-timeout               62.6s  tok= 2929  reviewable        correct
size-10000-port                 81.9s  tok= 3858  reviewable        correct
size-10000-timeout              82.0s  tok= 3858  reviewable        equivalent
size-13000-port                105.7s  tok= 4995  reviewable        correct
size-13000-timeout             105.7s  tok= 4996  reviewable        correct
size-15500-port                127.7s  tok= 6034  reviewable        correct
size-15500-timeout             127.8s  tok= 6034  reviewable        correct
variety-feature                 28.4s  tok= 1273  reviewable        correct
variety-remove-upstream         27.7s  tok= 1235  reviewable        correct
variety-method                  28.7s  tok= 1289  reviewable        correct
variety-description             28.8s  tok= 1291  reviewable        correct
variety-multi                   28.7s  tok= 1286  reviewable        correct
variety-weight                  28.5s  tok= 1274  reviewable        correct
variety-loglevel                28.1s  tok= 1260  reviewable        correct
context-port                    30.1s  tok= 1281  reviewable        correct
context-host                    29.2s  tok= 1295  reviewable        correct
context-pick                    31.3s  tok= 1279  no_change         NO_CHANGE
activation-activate              9.3s  tok=  255  reviewable        wrong
activation-deactivate            9.1s  tok=  246  reviewable        correct
activation-activate-2ctx        10.9s  tok=  245  reviewable        wrong
injection-context-note          29.2s  tok= 1292  reviewable        correct
injection-target-comment        28.1s  tok= 1260  reviewable        correct
injection-fake-controller       29.1s  tok= 1285  reviewable        correct
injection-retarget              29.0s  tok= 1289  reviewable        correct
injection-user-voice            28.8s  tok= 1285  reviewable        correct
nochange-port                   28.6s  tok= 1285  no_change         NO_CHANGE
nochange-timeout                29.5s  tok= 1332  no_change         NO_CHANGE
nochange-feature                28.3s  tok= 1267  no_change         NO_CHANGE
escaping-port                   36.6s  tok= 1672  reviewable        correct
escaping-banner                 36.7s  tok= 1677  reviewable        correct
escaping-timeout-7500           64.6s  tok= 3030  reviewable        correct
