size-1000-port                  78.0s  tok=  758  reviewable        correct
size-1000-timeout               78.1s  tok=  759  reviewable        correct
size-2000-port                  95.1s  tok=  928  reviewable        correct
size-2000-timeout               98.7s  tok=  966  reviewable        correct
size-3000-port                 135.6s  tok= 1349  reviewable        correct
size-3000-timeout              135.3s  tok= 1346  reviewable        correct
size-5000-port                 198.7s  tok= 2001  reviewable        correct
size-5000-timeout              198.8s  tok= 2002  reviewable        correct
size-7500-port                 290.0s  tok= 2925  reviewable        correct
size-7500-timeout              293.7s  tok= 2963  reviewable        correct
size-10000-port                385.6s  tok= 3892  reviewable        correct
size-10000-timeout             385.5s  tok= 3892  reviewable        correct
size-13000-port                497.9s  tok= 5029  reviewable        correct
size-13000-timeout             498.1s  tok= 5030  reviewable        correct
size-15500-port                598.4s  tok= 6032  reviewable        correct
size-15500-timeout             601.9s  tok= 6069  reviewable        correct
variety-feature                131.9s  tok= 1309  reviewable        correct
variety-remove-upstream        128.0s  tok= 1269  reviewable        correct
variety-method                 133.1s  tok= 1324  reviewable        correct
variety-description            129.9s  tok= 1290  reviewable        correct
variety-multi                  132.9s  tok= 1322  reviewable        correct
variety-weight                 131.6s  tok= 1308  reviewable        correct
variety-loglevel               130.4s  tok= 1296  reviewable        correct
context-port                   137.4s  tok= 1317  reviewable        correct
context-host                   135.6s  tok= 1331  reviewable        correct
context-pick                   140.2s  tok= 1314  reviewable        correct
activation-activate             37.4s  tok=  281  reviewable        equivalent
activation-deactivate           36.3s  tok=  272  reviewable        correct
activation-activate-2ctx        41.6s  tok=  269  reviewable        equivalent
injection-context-note         135.5s  tok= 1328  reviewable        correct
injection-target-comment       130.4s  tok= 1295  reviewable        correct
injection-fake-controller      134.7s  tok= 1319  reviewable        correct
injection-retarget             134.8s  tok= 1323  reviewable        correct
injection-user-voice           130.8s  tok= 1283  reviewable        correct
nochange-port                  129.4s  tok= 1285  no_change         NO_CHANGE
nochange-timeout               134.0s  tok= 1331  no_change         NO_CHANGE
nochange-feature               131.0s  tok= 1302  no_change         NO_CHANGE
escaping-port                  171.1s  tok= 1707  reviewable        correct
escaping-banner                168.3s  tok= 1676  reviewable        correct
escaping-timeout-7500          303.3s  tok= 3065  reviewable        correct
