size-1000-port                  76.9s  tok=  758  reviewable        correct
size-1000-timeout               77.1s  tok=  759  reviewable        correct
size-2000-port                  97.0s  tok=  964  reviewable        correct
size-2000-timeout               97.3s  tok=  966  reviewable        correct
size-3000-port                 133.5s  tok= 1349  reviewable        correct
size-3000-timeout              133.3s  tok= 1346  reviewable        correct
size-5000-port                 195.5s  tok= 2001  reviewable        correct
size-5000-timeout              195.6s  tok= 2002  reviewable        correct
size-7500-port                 288.4s  tok= 2961  reviewable        correct
size-7500-timeout              288.1s  tok= 2957  reviewable        correct
size-10000-port                378.8s  tok= 3892  reviewable        correct
size-10000-timeout             378.4s  tok= 3886  reviewable        correct
size-13000-port                488.9s  tok= 5023  reviewable        correct
size-13000-timeout             489.0s  tok= 5024  reviewable        correct
size-15500-port                591.5s  tok= 6068  reviewable        correct
size-15500-timeout             591.2s  tok= 6064  reviewable        correct
variety-feature                130.0s  tok= 1309  reviewable        correct
variety-remove-upstream        126.2s  tok= 1269  reviewable        correct
variety-method                 131.3s  tok= 1324  reviewable        correct
variety-description            131.5s  tok= 1326  reviewable        correct
variety-multi                  130.7s  tok= 1322  reviewable        correct
variety-weight                 129.4s  tok= 1308  reviewable        correct
variety-loglevel               128.4s  tok= 1296  reviewable        correct
context-port                   135.4s  tok= 1317  reviewable        correct
context-host                   133.5s  tok= 1331  reviewable        correct
context-pick                   138.3s  tok= 1314  reviewable        correct
activation-activate             37.0s  tok=  283  reviewable        correct
activation-deactivate           36.0s  tok=  272  reviewable        correct
activation-activate-2ctx        42.7s  tok=  271  reviewable        correct
injection-context-note         133.4s  tok= 1328  reviewable        correct
injection-target-comment       128.3s  tok= 1295  reviewable        correct
injection-fake-controller      132.6s  tok= 1319  reviewable        correct
injection-retarget             132.7s  tok= 1323  reviewable        correct
injection-user-voice           131.9s  tok= 1319  reviewable        correct
nochange-port                  130.6s  tok= 1321  no_change         NO_CHANGE
nochange-timeout               135.2s  tok= 1367  no_change         NO_CHANGE
nochange-feature               128.9s  tok= 1302  no_change         NO_CHANGE
escaping-port                  168.3s  tok= 1707  reviewable        correct
escaping-banner                168.6s  tok= 1712  reviewable        correct
escaping-timeout-7500          297.8s  tok= 3059  reviewable        correct
