size-1000-port                  16.8s  tok=  722  reviewable        correct
size-1000-timeout               16.9s  tok=  723  reviewable        correct
size-2000-port                  21.0s  tok=  928  reviewable        correct
size-2000-timeout               21.6s  tok=  958  reviewable        correct
size-3000-port                  28.9s  tok= 1313  reviewable        correct
size-3000-timeout               28.6s  tok= 1293  validation_failed check_sequence
size-5000-port                  42.3s  tok= 1965  reviewable        correct
size-5000-timeout               42.4s  tok= 1966  reviewable        correct
size-7500-port                  61.9s  tok= 2908  validation_failed check_sequence
size-7500-timeout               61.8s  tok= 2910  validation_failed check_sequence
size-10000-port                 81.1s  tok= 3839  validation_failed check_sequence
size-10000-timeout              81.1s  tok= 3839  validation_failed check_sequence
size-13000-port                104.8s  tok= 4976  validation_failed check_sequence
size-13000-timeout             104.9s  tok= 4977  validation_failed check_sequence
size-15500-port                127.1s  tok= 6032  reviewable        correct
size-15500-timeout             126.8s  tok= 6016  validation_failed check_sequence
variety-feature                 27.8s  tok= 1256  validation_failed check_sequence
variety-remove-upstream         27.0s  tok= 1216  validation_failed check_sequence
variety-method                  29.0s  tok= 1324  reviewable        correct
variety-description             28.1s  tok= 1273  validation_failed check_sequence
variety-multi                   28.3s  tok= 1286  reviewable        correct
variety-weight                  28.1s  tok= 1275  reviewable        correct
variety-loglevel                27.4s  tok= 1243  validation_failed check_sequence
context-port                    29.4s  tok= 1264  validation_failed check_sequence
context-host                    29.6s  tok= 1331  reviewable        correct
context-pick                    30.6s  tok= 1261  validation_failed check_sequence
activation-activate              9.1s  tok=  255  reviewable        correct
activation-deactivate            8.9s  tok=  244  reviewable        correct
activation-activate-2ctx        10.6s  tok=  243  reviewable        wrong
injection-context-note          29.7s  tok= 1328  reviewable        correct
injection-target-comment        28.6s  tok= 1295  reviewable        correct
injection-fake-controller       28.5s  tok= 1266  validation_failed check_sequence
injection-retarget              29.3s  tok= 1323  reviewable        correct
injection-user-voice            28.2s  tok= 1266  validation_failed check_sequence
nochange-port                   27.9s  tok= 1268  validation_failed check_sequence
nochange-timeout                28.9s  tok= 1314  validation_failed check_sequence
nochange-feature                28.5s  tok= 1294  no_change         NO_CHANGE
escaping-port                   36.0s  tok= 1654  validation_failed check_sequence
escaping-banner                 36.1s  tok= 1659  validation_failed check_sequence
escaping-timeout-7500           64.0s  tok= 3012  validation_failed check_sequence
