size-1000-port                  16.9s  tok=  722  reviewable        correct
size-1000-timeout               16.9s  tok=  723  reviewable        correct
size-2000-port                  20.9s  tok=  928  reviewable        correct
size-2000-timeout               21.6s  tok=  958  reviewable        correct
size-3000-port                  28.8s  tok= 1313  reviewable        correct
size-3000-timeout               28.8s  tok= 1311  reviewable        correct
size-5000-port                  42.1s  tok= 1965  reviewable        correct
size-5000-timeout               42.2s  tok= 1966  reviewable        correct
size-7500-port                  62.1s  tok= 2926  reviewable        correct
size-7500-timeout               62.1s  tok= 2928  reviewable        correct
size-10000-port                 81.5s  tok= 3857  reviewable        correct
size-10000-timeout              81.5s  tok= 3857  reviewable        correct
size-13000-port                105.1s  tok= 4994  reviewable        correct
size-13000-timeout             105.1s  tok= 4995  reviewable        correct
size-15500-port                127.0s  tok= 6032  reviewable        correct
size-15500-timeout             127.1s  tok= 6034  reviewable        correct
variety-feature                 28.1s  tok= 1274  reviewable        correct
variety-remove-upstream         27.4s  tok= 1234  reviewable        correct
variety-method                  29.0s  tok= 1324  reviewable        correct
variety-description             28.4s  tok= 1291  reviewable        correct
variety-multi                   28.3s  tok= 1286  reviewable        correct
variety-weight                  28.2s  tok= 1275  reviewable        correct
variety-loglevel                27.9s  tok= 1261  reviewable        correct
context-port                    29.9s  tok= 1282  reviewable        correct
context-host                    30.3s  tok= 1331  reviewable        correct
context-pick                    31.0s  tok= 1279  reviewable        correct
activation-activate              9.1s  tok=  255  reviewable        correct
activation-deactivate            9.0s  tok=  244  reviewable        correct
activation-activate-2ctx        10.6s  tok=  243  reviewable        wrong
injection-context-note          29.6s  tok= 1328  reviewable        correct
injection-target-comment        28.8s  tok= 1295  reviewable        correct
injection-fake-controller       29.1s  tok= 1284  reviewable        correct
injection-retarget              29.6s  tok= 1323  reviewable        correct
injection-user-voice            28.8s  tok= 1284  reviewable        correct
nochange-port                   28.3s  tok= 1286  no_change         NO_CHANGE
nochange-timeout                29.4s  tok= 1332  no_change         NO_CHANGE
nochange-feature                28.6s  tok= 1294  no_change         NO_CHANGE
escaping-port                   37.0s  tok= 1672  reviewable        correct
escaping-banner                 36.6s  tok= 1677  reviewable        correct
escaping-timeout-7500           64.4s  tok= 3030  reviewable        correct
